\BOOKMARK [2][-]{subsection.0.1}{\376\377\000O\000b\000j\000e\000t\000i\000v\000o\000s\000\040\000d\000e\000l\000\040\000S\000i\000s\000t\000e\000m\000a}{}% 1
\BOOKMARK [2][-]{subsection.0.2}{\376\377\000T\000e\000c\000n\000o\000l\000o\000g\000\355\000a\000s\000\040\000U\000t\000i\000l\000i\000z\000a\000d\000a\000s}{}% 2
\BOOKMARK [1][-]{section.1}{\376\377\000A\000r\000q\000u\000i\000t\000e\000c\000t\000u\000r\000a\000\040\000G\000e\000n\000e\000r\000a\000l\000\040\000d\000e\000l\000\040\000S\000i\000s\000t\000e\000m\000a}{}% 3
\BOOKMARK [2][-]{subsection.1.1}{\376\377\000D\000i\000a\000g\000r\000a\000m\000a\000\040\000d\000e\000\040\000A\000r\000q\000u\000i\000t\000e\000c\000t\000u\000r\000a\000\040\000d\000e\000\040\000A\000l\000t\000o\000\040\000N\000i\000v\000e\000l}{section.1}% 4
\BOOKMARK [2][-]{subsection.1.2}{\376\377\000P\000a\000t\000r\000\363\000n\000\040\000A\000r\000q\000u\000i\000t\000e\000c\000t\000\363\000n\000i\000c\000o}{section.1}% 5
\BOOKMARK [1][-]{section.2}{\376\377\000C\000o\000m\000p\000o\000n\000e\000n\000t\000e\000s\000\040\000P\000r\000i\000n\000c\000i\000p\000a\000l\000e\000s}{}% 6
\BOOKMARK [2][-]{subsection.2.1}{\376\377\000M\000a\000i\000n\000\040\000y\000\040\000S\000i\000m\000u\000l\000a\000c\000i\000\363\000n}{section.2}% 7
\BOOKMARK [3][-]{subsubsection.2.1.1}{\376\377\000M\000a\000i\000n\000.\000j\000a\000v\000a}{subsection.2.1}% 8
\BOOKMARK [3][-]{subsubsection.2.1.2}{\376\377\000S\000i\000m\000u\000l\000a\000c\000i\000o\000n\000.\000j\000a\000v\000a}{subsection.2.1}% 9
\BOOKMARK [2][-]{subsection.2.2}{\376\377\000S\000i\000s\000t\000e\000m\000a\000\040\000d\000e\000\040\000C\000o\000n\000t\000r\000o\000l\000\040\000T\000e\000m\000p\000o\000r\000a\000l}{section.2}% 10
\BOOKMARK [3][-]{subsubsection.2.2.1}{\376\377\000R\000e\000l\000o\000j\000.\000j\000a\000v\000a}{subsection.2.2}% 11
\BOOKMARK [2][-]{subsection.2.3}{\376\377\000S\000i\000s\000t\000e\000m\000a\000\040\000d\000e\000\040\000I\000n\000g\000r\000e\000s\000o}{section.2}% 12
\BOOKMARK [3][-]{subsubsection.2.3.1}{\376\377\000M\000o\000l\000i\000n\000e\000t\000e\000.\000j\000a\000v\000a}{subsection.2.3}% 13
\BOOKMARK [3][-]{subsubsection.2.3.2}{\376\377\000P\000a\000r\000q\000u\000e\000.\000j\000a\000v\000a}{subsection.2.3}% 14
\BOOKMARK [2][-]{subsection.2.4}{\376\377\000V\000i\000s\000i\000t\000a\000n\000t\000e\000\040\000y\000\040\000S\000i\000s\000t\000e\000m\000a\000\040\000d\000e\000\040\000F\000i\000c\000h\000a\000s}{section.2}% 15
\BOOKMARK [3][-]{subsubsection.2.4.1}{\376\377\000V\000i\000s\000i\000t\000a\000n\000t\000e\000.\000j\000a\000v\000a}{subsection.2.4}% 16
\BOOKMARK [3][-]{subsubsection.2.4.2}{\376\377\000B\000i\000l\000l\000e\000t\000e\000r\000a\000.\000j\000a\000v\000a}{subsection.2.4}% 17
\BOOKMARK [3][-]{subsubsection.2.4.3}{\376\377\000T\000i\000c\000k\000e\000t\000e\000r\000a\000.\000j\000a\000v\000a}{subsection.2.4}% 18
\BOOKMARK [1][-]{section.3}{\376\377\000A\000t\000r\000a\000c\000c\000i\000o\000n\000e\000s\000\040\000M\000e\000c\000\341\000n\000i\000c\000a\000s}{}% 19
\BOOKMARK [2][-]{subsection.3.1}{\376\377\000M\000o\000n\000t\000a\000\361\000a\000\040\000R\000u\000s\000a}{section.3}% 20
\BOOKMARK [2][-]{subsection.3.2}{\376\377\000A\000u\000t\000i\000t\000o\000s\000\040\000C\000h\000o\000c\000a\000d\000o\000r\000e\000s}{section.3}% 21
\BOOKMARK [1][-]{section.4}{\376\377\000A\000t\000r\000a\000c\000c\000i\000o\000n\000e\000s\000\040\000C\000o\000m\000p\000l\000e\000j\000a\000s}{}% 22
\BOOKMARK [2][-]{subsection.4.1}{\376\377\000C\000a\000r\000r\000e\000r\000a\000\040\000d\000e\000\040\000G\000o\000m\000o\000n\000e\000s}{section.4}% 23
\BOOKMARK [3][-]{subsubsection.4.1.1}{\376\377\000F\000l\000u\000j\000o\000\040\000C\000o\000m\000p\000l\000e\000t\000o\000\040\000d\000e\000\040\000P\000a\000r\000t\000i\000c\000i\000p\000a\000c\000i\000\363\000n}{subsection.4.1}% 24
\BOOKMARK [1][-]{section.5}{\376\377\000\301\000r\000e\000a\000\040\000d\000e\000\040\000P\000r\000e\000m\000i\000o\000s\000:\000\040\000D\000i\000s\000e\000\361\000o\000\040\000y\000\040\000C\000o\000n\000c\000u\000r\000r\000e\000n\000c\000i\000a}{}% 25
\BOOKMARK [2][-]{subsection.5.1}{\376\377\000R\000e\000s\000p\000o\000n\000s\000a\000b\000i\000l\000i\000d\000a\000d\000\040\000d\000e\000l\000\040\000C\000o\000m\000p\000o\000n\000e\000n\000t\000e}{section.5}% 26
\BOOKMARK [2][-]{subsection.5.2}{\376\377\000D\000i\000a\000g\000r\000a\000m\000a\000\040\000d\000e\000\040\000C\000l\000a\000s\000e\000s\000\040\000S\000i\000m\000p\000l\000i\000f\000i\000c\000a\000d\000o\000\040\000\050\000U\000M\000L\000\051}{section.5}% 27
\BOOKMARK [2][-]{subsection.5.3}{\376\377\000C\000a\000t\000\341\000l\000o\000g\000o\000\040\000I\000n\000i\000c\000i\000a\000l\000\040\000d\000e\000\040\000P\000r\000e\000m\000i\000o\000s}{section.5}% 28
\BOOKMARK [2][-]{subsection.5.4}{\376\377\000M\000o\000d\000e\000l\000o\000\040\000d\000e\000\040\000C\000o\000n\000c\000u\000r\000r\000e\000n\000c\000i\000a\000\040\000y\000\040\000S\000i\000n\000c\000r\000o\000n\000i\000z\000a\000c\000i\000\363\000n}{section.5}% 29
\BOOKMARK [2][-]{subsection.5.5}{\376\377\000L\000\363\000g\000i\000c\000a\000\040\000d\000e\000\040\000p\000r\000o\000g\000r\000a\000m\000a}{section.5}% 30
\BOOKMARK [1][-]{section.6}{\376\377\000C\000o\000m\000e\000d\000o\000r}{}% 31
\BOOKMARK [2][-]{subsection.6.1}{\376\377\000D\000e\000s\000c\000r\000i\000p\000c\000i\000\363\000n\000\040\000G\000e\000n\000e\000r\000a\000l}{section.6}% 32
\BOOKMARK [2][-]{subsection.6.2}{\376\377\000C\000l\000a\000s\000e\000s\000\040\000P\000r\000i\000n\000c\000i\000p\000a\000l\000e\000s}{section.6}% 33
\BOOKMARK [2][-]{subsection.6.3}{\376\377\000F\000l\000u\000j\000o\000\040\000d\000e\000\040\000E\000j\000e\000c\000u\000c\000i\000\363\000n\000\040\000D\000e\000t\000a\000l\000l\000a\000d\000o}{section.6}% 34
\BOOKMARK [2][-]{subsection.6.4}{\376\377\000M\000e\000c\000a\000n\000i\000s\000m\000o\000s\000\040\000d\000e\000\040\000C\000o\000n\000c\000u\000r\000r\000e\000n\000c\000i\000a\000\040\000U\000t\000i\000l\000i\000z\000a\000d\000o\000s}{section.6}% 35
\BOOKMARK [1][-]{section.7}{\376\377\000T\000e\000a\000t\000r\000o\000\040}{}% 36
\BOOKMARK [2][-]{subsection.7.1}{\376\377\000D\000e\000s\000c\000r\000i\000p\000c\000i\000\363\000n\000\040\000G\000e\000n\000e\000r\000a\000l}{section.7}% 37
\BOOKMARK [2][-]{subsection.7.2}{\376\377\000C\000l\000a\000s\000e\000s\000\040\000P\000r\000i\000n\000c\000i\000p\000a\000l\000e\000s}{section.7}% 38
\BOOKMARK [2][-]{subsection.7.3}{\376\377\000F\000l\000u\000j\000o\000\040\000d\000e\000l\000\040\000S\000i\000s\000t\000e\000m\000a}{section.7}% 39
\BOOKMARK [3][-]{subsubsection.7.3.1}{\376\377\000V\000i\000s\000i\000t\000a\000n\000t\000e}{subsection.7.3}% 40
\BOOKMARK [3][-]{subsubsection.7.3.2}{\376\377\000A\000s\000i\000s\000t\000e\000n\000t\000e}{subsection.7.3}% 41
\BOOKMARK [2][-]{subsection.7.4}{\376\377\000M\000e\000c\000a\000n\000i\000s\000m\000o\000s\000\040\000d\000e\000\040\000S\000i\000n\000c\000r\000o\000n\000i\000z\000a\000c\000i\000\363\000n\000\040\000U\000t\000i\000l\000i\000z\000a\000d\000o\000s}{section.7}% 42
\BOOKMARK [2][-]{subsection.7.5}{\376\377\000E\000s\000t\000a\000d\000o\000s\000\040\000d\000e\000l\000\040\000T\000e\000a\000t\000r\000o}{section.7}% 43
\BOOKMARK [1][-]{section.8}{\376\377\000R\000e\000a\000l\000i\000d\000a\000d\000\040\000V\000i\000r\000t\000u\000a\000l\000\040}{}% 44
